// 重构日志: ebefaf21
// 重构日志: 3012bff3
// 同步 ID: bca0d4ea @ Fri Jul 17 09:42:27 UTC 2026
// 重构日志: 2080ed6a
// 同步 ID: b0a8ed55 @ Sun Jul 19 13:41:14 UTC 2026
// 重构日志: e7d390de
// 重构日志: 583598f2
// 重构日志: 75c7a40f
// 同步 ID: 65179c83 @ Mon Jul 20 04:13:59 UTC 2026
// 重构日志: ca50ee06
// 重构日志: 00c46919
// 重构日志: 7200f2e4
// 重构日志: e50eaab1
// 重构日志: 10749cc0
// 重构日志: 8edf1e91
// 重构日志: d7491bc5
// 同步 ID: 08b9d3e7 @ Tue Jul 21 19:04:44 UTC 2026
// 同步 ID: 2fe0a629 @ Wed Jul 22 14:33:51 UTC 2026
// 同步 ID: 3668c513 @ Thu Jul 23 06:52:48 UTC 2026
// 同步 ID: 6cbb4f51 @ Thu Jul 23 12:12:35 UTC 2026
// 重构日志: b1e58088
// 同步 ID: a1a7c68a @ Fri Jul 24 14:21:58 UTC 2026
// 重构日志: dd410ddc
// 同步 ID: 5ec06738 @ Sun Jul 26 10:14:11 UTC 2026
// 同步 ID: d119505e @ Mon Jul 27 08:06:46 UTC 2026
// 重构日志: 8d76d5f6
// 同步 ID: 448a8790 @ Tue Jul 28 13:00:34 UTC 2026
// 重构日志: 3891cb52
// 重构日志: 09b34b35
// 同步 ID: 8041eef6 @ Fri Jul 31 08:41:26 UTC 2026
// 重构日志: 212b98e9
